
Attaching package: ‘dplyr’

The following objects are masked from ‘package:stats’:

    filter, lag

The following objects are masked from ‘package:base’:

    intersect, setdiff, setequal, union


Attaching package: ‘lubridate’

The following objects are masked from ‘package:base’:

    date, intersect, setdiff, union


Attaching package: ‘reshape2’

The following object is masked from ‘package:tidyr’:

    smiths



             . ,,                                                            
            ,      ,,                                                        
 ,,,,,,    ,         ,,                                                      
,     ,,  ,            ,,,,.                                                 
,,     , ,,   ,,,,,,    ,,,                                 //  //           
  ,     ,,,.   ,,,,,.   ,,      ////                        //  //           
,,     ,,,,,.           ,,     // //     //////    /////    //  //    /////  
,,,        ,,           ,      //  //    /    //  //   //   //  //   //   // 
              ,,       ,      ////////   /    //  //   //   //  //   //   // 
                ,,   ,,      //     //   /   ///  //   //   //  //   //   // 
                   ,         //      //  /////      ///      //  //    ///   
                                         //                                  
                                         //                                  

Apollo 0.3.6
https://www.ApolloChoiceModelling.com
See url for a detailed manual, examples and a user forum.
Sign up to the user forum to receive updates on new releases.

Please cite Apollo in all written material you produce:
Hess S, Palma D (2019). "Apollo: a flexible, powerful and customisable
freeware package for choice model estimation and application." Journal
of Choice Modelling, 32. doi.org/10.1016/j.jocm.2019.100170

The developers of Apollo acknowledge the substantial support provided by
the European Research Council (ERC) through the consolidator grant DECISIONS,
the proof of concept grant APOLLO, and the advanced grant SYNERGY.
`summarise()` has grouped output by 'FOLIO'. You can override using the
`.groups` argument.
     g.alimentos     g.vestimenta        g.cuentas          g.hogar 
      0.26957261       0.04028521       0.21554949       0.05117988 
         g.salud     g.transporte g.comunicaciones     g.recreacion 
      0.08878018       0.12284707       0.06994188       0.04656122 
     g.educacion   g.restaurantes 
      0.04350761       0.05177487 

INFORMATION: Your version of Apollo is more than six months old. Using
  the latest version will ensure you have all current functionality and
  bug fixes. You can update to the latest version by typing:
  install.packages("apollo") 
Apollo ignition sequence completed
All checks on apollo_control completed.
All checks on database completed.
Preparing user-defined functions.

Testing likelihood function...
INFORMATION: Setting "avail" is missing, so full availability is
  assumed. 

Overview of choices for FMNL model component :
                                 alimentos vestimenta  cuentas    hogar
Times available                   15010.00   15010.00 15010.00 15010.00
Observations with non-zero share  14965.00   13329.00 14986.00 13179.00
Average share overall                 0.27       0.04     0.22     0.05
Average share when available          0.27       0.04     0.22     0.05
                                    salud transporte comunicaciones recreacion
Times available                  15010.00   15010.00       15010.00   15010.00
Observations with non-zero share 13855.00   14024.00       13778.00   12805.00
Average share overall                0.09       0.12           0.07       0.05
Average share when available         0.09       0.12           0.07       0.05
                                 educacion restaurantes
Times available                   15010.00     15010.00
Observations with non-zero share   7512.00     12328.00
Average share overall                 0.04         0.05
Average share when available          0.04         0.05

Pre-processing likelihood function...
Creating cluster...
Preparing workers for multithreading...

Testing influence of parameters
Starting main estimation

BGW using analytic model derivatives supplied by caller...


Iterates will be written to: 
 output/FMNL-epf-viii_iterations.csv
    it    nf     F            RELDF    PRELDF    RELDX    MODEL stppar
     0     1 3.456180225e+04
     1     4 3.223674155e+04 6.727e-02 1.050e-01 1.00e+00   G   2.84e+01
     2     5 3.204017631e+04 6.098e-03 5.567e-02 4.81e-01   G   1.53e+01
     3     6 3.131717880e+04 2.257e-02 9.666e-02 4.86e-01   G   9.93e+00
     4     7 3.111347313e+04 6.505e-03 3.469e-02 3.15e-01   S   1.94e+00
     5     8 3.076671290e+04 1.115e-02 3.360e-02 1.79e-01   S   1.03e+00
     6    10 3.062692081e+04 4.544e-03 1.949e-02 7.22e-02   S   1.80e+00
     7    11 3.054163806e+04 2.785e-03 1.653e-02 8.71e-02   S   1.39e+00
     8    13 3.041442923e+04 4.165e-03 1.193e-02 4.00e-02   S   3.86e+00
     9    14 3.027702630e+04 4.518e-03 7.079e-03 4.95e-02   S   2.04e+00
    10    16 3.025004912e+04 8.910e-04 2.169e-03 2.76e-02   S   2.44e+00
    11    18 3.023873184e+04 3.741e-04 1.043e-03 1.07e-02   S   4.58e+00
    12    19 3.022705517e+04 3.861e-04 7.630e-04 1.35e-02   S   2.60e+00
    13    20 3.021803325e+04 2.985e-04 5.495e-04 2.10e-02   S   1.67e+00
    14    21 3.020906948e+04 2.966e-04 4.960e-04 2.23e-02   S   1.39e+00
    15    22 3.020131911e+04 2.566e-04 4.261e-04 2.84e-02   S   1.09e+00
    16    23 3.019446030e+04 2.271e-04 4.182e-04 1.96e-02   S   9.07e-01
    17    24 3.018612424e+04 2.761e-04 3.783e-04 1.40e-02   S   6.60e-01
    18    25 3.017969363e+04 2.130e-04 2.945e-04 1.33e-02   S   5.54e-01
    19    26 3.017368333e+04 1.992e-04 2.516e-04 1.50e-02   S   4.82e-01
    20    27 3.016825490e+04 1.799e-04 2.222e-04 1.43e-02   S   4.25e-01
    21    28 3.016387311e+04 1.452e-04 1.949e-04 1.31e-02   S   3.73e-01
    22    29 3.015955803e+04 1.431e-04 1.817e-04 1.24e-02   S   3.21e-01
    23    30 3.015569021e+04 1.282e-04 1.607e-04 1.23e-02   S   2.81e-01
    24    31 3.015290789e+04 9.227e-05 1.354e-04 1.21e-02   S   2.37e-01
    25    32 3.014985514e+04 1.012e-04 1.249e-04 1.19e-02   S   1.94e-01
    26    33 3.014821380e+04 5.444e-05 9.864e-05 1.01e-02   S   1.93e-01
    27    34 3.014648465e+04 5.736e-05 9.554e-05 1.09e-02   S   1.31e-01
    28    35 3.014525611e+04 4.075e-05 8.563e-05 1.08e-02   S   9.96e-02
    29    36 3.014436982e+04 2.940e-05 7.976e-05 1.02e-02   S   7.60e-02
    30    38 3.014378030e+04 1.956e-05 5.190e-05 4.77e-03   S   1.62e-01
    31    39 3.014357744e+04 6.730e-06 3.869e-05 4.99e-03   S   1.10e-01
    32    40 3.014334686e+04 7.649e-06 3.631e-05 4.87e-03   S   7.71e-02
    33    41 3.014327470e+04 2.394e-06 3.254e-05 4.09e-03   S   7.52e-02
    34    42 3.014278706e+04 1.618e-05 2.597e-05 3.20e-03   S   2.83e-01
    35    44 3.014265566e+04 4.359e-06 8.344e-06 9.79e-04   S   7.86e-01
    36    45 3.014264698e+04 2.880e-07 3.547e-06 1.17e-03   S   2.88e-01
    37    46 3.014260262e+04 1.471e-06 2.427e-06 7.72e-04   S   5.28e-01
    38    47 3.014258414e+04 6.132e-07 1.233e-06 5.77e-04   S   3.34e-01
    39    48 3.014256683e+04 5.743e-07 1.013e-06 6.08e-04   S   2.64e-01
    40    49 3.014254740e+04 6.448e-07 8.465e-07 5.53e-04   S   2.30e-01
    41    50 3.014253150e+04 5.274e-07 6.903e-07 5.75e-04   S   2.29e-01
    42    51 3.014251553e+04 5.296e-07 6.497e-07 6.72e-04   S   1.99e-01
    43    52 3.014250150e+04 4.658e-07 5.814e-07 6.36e-04   S   1.98e-01
    44    56 3.014232515e+04 5.850e-06 8.066e-06 1.21e-02   S   8.81e-03
    45    57 3.014229196e+04 1.101e-06 8.172e-06 1.38e-02   S   7.42e-03
    46    59 3.014226979e+04 7.354e-07 7.796e-06 7.07e-03   S   1.35e-02
    47    60 3.014226939e+04 1.338e-08 7.572e-06 2.69e-03   S   3.13e-02
    48    61 3.014219254e+04 2.550e-06 6.356e-06 1.60e-03   S   1.81e-01
    49    62 3.014214478e+04 1.584e-06 4.345e-06 1.79e-03   S   1.77e-01
    50    64 3.014212076e+04 7.968e-07 1.611e-06 4.62e-04   S   5.35e-01
    51    65 3.014211497e+04 1.922e-07 7.604e-07 5.82e-04   S   2.30e-01
    52    66 3.014211427e+04 2.326e-08 6.236e-07 5.77e-04   S   1.43e-01
    53    67 3.014210437e+04 3.284e-07 4.294e-07 3.09e-04   S   3.53e-01
    54    68 3.014210323e+04 3.780e-08 2.101e-07 3.53e-04   S   2.54e-01
    55    69 3.014209986e+04 1.117e-07 1.849e-07 3.81e-04   S   1.75e-01
    56    70 3.014209796e+04 6.309e-08 1.311e-07 3.32e-04   S   1.70e-01
    57    71 3.014209519e+04 9.184e-08 1.251e-07 3.52e-04   S   1.37e-01
    58    72 3.014209296e+04 7.390e-08 9.689e-08 3.37e-04   S   1.35e-01
    59    73 3.014209102e+04 6.455e-08 9.316e-08 3.79e-04   S   1.19e-01
    60    77 3.014205753e+04 1.111e-06 1.384e-06 9.03e-03   S   4.52e-03
    61    82 3.014205635e+04 3.914e-08 1.143e-07 2.08e-04   S   3.15e-01
    62    83 3.014205553e+04 2.731e-08 8.046e-08 1.95e-04   S   1.81e-01
    63    84 3.014205413e+04 4.636e-08 6.756e-08 1.67e-04   S   1.72e-01
    64    85 3.014205359e+04 1.795e-08 4.448e-08 2.27e-04   S   1.21e-01
    65    86 3.014205264e+04 3.147e-08 4.544e-08 2.49e-04   S   1.20e-01
    66    87 3.014205174e+04 2.999e-08 4.163e-08 2.48e-04   S   1.05e-01
    67    88 3.014205095e+04 2.604e-08 3.544e-08 2.35e-04   S   1.05e-01
    68    89 3.014205008e+04 2.893e-08 3.352e-08 2.54e-04   S   1.05e-01
    69    93 3.014204180e+04 2.748e-07 3.346e-07 3.80e-03   S   5.68e-03
    70    94 3.014203622e+04 1.851e-07 3.163e-07 3.99e-03   S   4.50e-03
    71    97 3.014203619e+04 1.001e-09 1.381e-07 6.61e-04   S   1.96e-02
    72    98 3.014203470e+04 4.936e-08 1.347e-07 2.76e-04   S   4.69e-02
    73    99 3.014203415e+04 1.818e-08 1.124e-07 3.44e-04   S   4.60e-02
    74   101 3.014203326e+04 2.968e-08 6.892e-08 1.45e-04   S   1.73e-01
    75   102 3.014203270e+04 1.844e-08 4.547e-08 1.71e-04   S   1.20e-01
    76   104 3.014203245e+04 8.319e-09 1.922e-08 7.22e-05   S   2.53e-01
    77   105 3.014203237e+04 2.654e-09 1.132e-08 1.08e-04   S   1.32e-01
    78   106 3.014203217e+04 6.577e-09 9.990e-09 1.06e-04   S   1.04e-01
    79   107 3.014203206e+04 3.791e-09 6.637e-09 1.08e-04   S   1.03e-01
    80   108 3.014203194e+04 3.944e-09 6.324e-09 1.17e-04   S   8.58e-02
    81   109 3.014203179e+04 4.879e-09 5.702e-09 1.11e-04   S   8.52e-02
    82   110 3.014203169e+04 3.454e-09 4.464e-09 1.14e-04   S   8.52e-02
    83   114 3.014203022e+04 4.880e-08 5.598e-08 2.00e-03   S   3.12e-03
    84   115 3.014202983e+04 1.272e-08 4.693e-08 2.04e-03   S   2.21e-03
    85   117 3.014202967e+04 5.478e-09 3.182e-08 5.66e-04   S   6.49e-03
    86   120 3.014202941e+04 8.494e-09 2.064e-08 9.16e-05   S   1.47e-01
    87   121 3.014202928e+04 4.276e-09 1.219e-08 1.05e-04   S   1.08e-01
    88   122 3.014202921e+04 2.407e-09 8.817e-09 1.06e-04   S   7.38e-02
    89   124 3.014202916e+04 1.616e-09 4.067e-09 3.75e-05   S   2.27e-01
    90   125 3.014202914e+04 5.971e-10 2.092e-09 3.93e-05   S   1.04e-01
    91   127 3.014202913e+04 5.015e-10 1.185e-09 2.42e-05   S   2.10e-01
    92   128 3.014202912e+04 2.594e-10 6.776e-10 2.09e-05   S   1.27e-01
    93   129 3.014202912e+04 1.426e-10 3.952e-10 2.02e-05   S   6.61e-02
    94   130 3.014202911e+04 2.104e-10 3.492e-10 2.44e-05   S   6.12e-02
    95   131 3.014202910e+04 1.550e-10 2.701e-10 2.82e-05   S   5.32e-02
    96   132 3.014202910e+04 1.577e-10 2.288e-10 2.77e-05   S   5.29e-02
    97   133 3.014202910e+04 1.336e-10 2.049e-10 3.05e-05   S   4.54e-02
    98   134 3.014202909e+04 1.490e-10 1.897e-10 3.02e-05   S   4.53e-02
    99   135 3.014202909e+04 1.136e-10 1.650e-10 2.77e-05   S   4.53e-02
   100   136 3.014202908e+04 1.421e-10 1.657e-10 2.95e-05   S   3.85e-02
   101   137 3.014202908e+04 1.154e-10 1.422e-10 2.89e-05   S   3.84e-02
   102   138 3.014202908e+04 1.099e-10 1.295e-10 2.88e-05   S   3.84e-02
   103   141 3.014202906e+04 4.853e-10 5.647e-10 1.75e-04   S   4.82e-03
   104   142 3.014202905e+04 3.311e-10 5.080e-10 1.69e-04   S   3.78e-03
   105   144 3.014202905e+04 7.494e-11 2.710e-10 7.40e-05   S   6.10e-03
   106   145 3.014202905e+04 1.335e-10 2.433e-10 9.37e-05   S   3.24e-03
   107   147 3.014202905e+04 1.829e-11 1.484e-10 3.83e-05   S   7.85e-03
   108   148 3.014202905e+04 1.610e-11 1.263e-10 3.71e-05   S   4.79e-03
   109   149 3.014202904e+04 2.593e-11 1.204e-10 3.29e-05   S   2.56e-03
   110   150 3.014202904e+04 9.542e-12 1.065e-10 3.75e-05   S   2.45e-03
   111   151 3.014202904e+04 3.629e-11 7.272e-11 1.99e-05   S   1.14e-02

***** Relative function convergence *****

Estimated parameters with approximate standard errors from BHHH matrix:
                                  Estimate     BHHH se BHH t-ratio (0)
asc_alimentos                     0.308024     1.05896        0.290874
bnpersonas_alimentos              0.238077     0.22228        1.071079
bnmenores_0_4_alimentos           0.008829     0.55105        0.016022
bnmenores_5_14_alimentos         -0.138207     0.31444       -0.439537
bntrabajadores_alimentos         -0.028177     0.31711       -0.088855
bnprofesionales_alimentos        -0.103470     0.33244       -0.311248
bedadpromedio_alimentos           0.026583     0.01635        1.625980
bq2_alimentos                    -0.175269     0.61810       -0.283563
bq3_alimentos                    -0.306444     0.70903       -0.432203
bq4_alimentos                    -0.456025     0.77375       -0.589372
bq5_alimentos                    -0.698460     0.89177       -0.783228
bmetro_alimentos                  0.345191     0.43920        0.785955
asc_vestimenta                    0.000000          NA              NA
bnpersonas_vestimenta             0.000000          NA              NA
bnmenores_0_4_vestimenta          0.000000          NA              NA
bnmenores_5_14_vestimenta         0.000000          NA              NA
bntrabajadores_vestimenta         0.000000          NA              NA
bnprofesionales_vestimenta        0.000000          NA              NA
bedadpromedio_vestimenta          0.000000          NA              NA
bq2_vestimenta                    0.000000          NA              NA
bq3_vestimenta                    0.000000          NA              NA
bq4_vestimenta                    0.000000          NA              NA
bq5_vestimenta                    0.000000          NA              NA
bmetro_vestimenta                 0.000000          NA              NA
asc_cuentas                       1.355727     1.04138        1.301862
bnpersonas_cuentas               -0.071721     0.22418       -0.319925
bnmenores_0_4_cuentas             0.141933     0.55417        0.256116
bnmenores_5_14_cuentas           -0.068166     0.31633       -0.215492
bntrabajadores_cuentas           -0.048362     0.31710       -0.152510
bnprofesionales_cuentas          -0.003272     0.32464       -0.010080
bedadpromedio_cuentas             0.014870     0.01613        0.921801
bq2_cuentas                      -0.069441     0.61711       -0.112526
bq3_cuentas                      -0.055808     0.70356       -0.079323
bq4_cuentas                      -0.099175     0.76392       -0.129823
bq5_cuentas                      -0.136634     0.87102       -0.156867
bmetro_cuentas                    0.182512     0.43742        0.417244
asc_hogar                        -1.208720     1.26907       -0.952442
bnpersonas_hogar                 -0.023214     0.27233       -0.085240
bnmenores_0_4_hogar               0.318238     0.66261        0.480276
bnmenores_5_14_hogar              0.033195     0.37583        0.088324
bntrabajadores_hogar             -0.066142     0.38129       -0.173470
bnprofesionales_hogar             0.090058     0.36573        0.246243
bedadpromedio_hogar               0.028038     0.01836        1.527347
bq2_hogar                         0.176952     0.74605        0.237185
bq3_hogar                         0.286750     0.82786        0.346374
bq4_hogar                         0.402818     0.88643        0.454425
bq5_hogar                         0.655568     0.99016        0.662081
bmetro_hogar                      0.114440     0.51502        0.222207
asc_salud                        -0.901172     1.12104       -0.803871
bnpersonas_salud                  0.096780     0.23741        0.407646
bnmenores_0_4_salud               0.178158     0.58692        0.303546
bnmenores_5_14_salud             -0.129272     0.33717       -0.383399
bntrabajadores_salud             -0.081132     0.33826       -0.239853
bnprofesionales_salud             0.065131     0.34327        0.189736
bedadpromedio_salud               0.030461     0.01699        1.793283
bq2_salud                         0.164941     0.65220        0.252899
bq3_salud                         0.253638     0.74080        0.342385
bq4_salud                         0.323870     0.80183        0.403913
bq5_salud                         0.287968     0.92058        0.312811
bmetro_salud                      0.133570     0.46117        0.289631
asc_transporte                    0.265800     1.07417        0.247448
bnpersonas_transporte             0.093051     0.22583        0.412041
bnmenores_0_4_transporte         -0.045915     0.55570       -0.082626
bnmenores_5_14_transporte        -0.172928     0.31685       -0.545778
bntrabajadores_transporte         0.022514     0.31913        0.070548
bnprofesionales_transporte        0.023541     0.32167        0.073185
bedadpromedio_transporte          0.009534     0.01669        0.571213
bq2_transporte                    0.177897     0.63907        0.278370
bq3_transporte                    0.260509     0.71943        0.362105
bq4_transporte                    0.332638     0.77582        0.428759
bq5_transporte                    0.458439     0.87021        0.526812
bmetro_transporte                 0.074033     0.44443        0.166580
asc_comunicaciones               -0.249528     1.26786       -0.196810
bnpersonas_comunicaciones         0.077009     0.27394        0.281114
bnmenores_0_4_comunicaciones     -0.084604     0.68241       -0.123977
bnmenores_5_14_comunicaciones    -0.168641     0.39490       -0.427044
bntrabajadores_comunicaciones    -0.026544     0.39085       -0.067913
bnprofesionales_comunicaciones   -0.014037     0.41782       -0.033596
bedadpromedio_comunicaciones      0.015135     0.01934        0.782755
bq2_comunicaciones                0.085720     0.74569        0.114955
bq3_comunicaciones                0.136923     0.85247        0.160618
bq4_comunicaciones                0.129175     0.95608        0.135109
bq5_comunicaciones               -0.001199     1.13306       -0.001058
bmetro_comunicaciones             0.128735     0.53243        0.241788
asc_recreacion                   -0.530899     1.30421       -0.407066
bnpersonas_recreacion             0.024397     0.27350        0.089203
bnmenores_0_4_recreacion         -0.069363     0.70556       -0.098309
bnmenores_5_14_recreacion        -0.079208     0.39788       -0.199074
bntrabajadores_recreacion        -0.062365     0.38791       -0.160771
bnprofesionales_recreacion        0.107907     0.37348        0.288922
bedadpromedio_recreacion          0.011353     0.01976        0.574612
bq2_recreacion                    0.139114     0.77131        0.180360
bq3_recreacion                    0.155969     0.88591        0.176056
bq4_recreacion                    0.265941     0.92260        0.288252
bq5_recreacion                    0.400118     1.03130        0.387972
bmetro_recreacion                 0.129286     0.53090        0.243524
asc_educacion                     0.880475     1.07346        0.820224
bnpersonas_educacion              0.352774     0.23090        1.527810
bnmenores_0_4_educacion          -0.982593     0.58643       -1.675543
bnmenores_5_14_educacion         -0.535099     0.32462       -1.648361
bntrabajadores_educacion         -0.323076     0.32678       -0.988665
bnprofesionales_educacion         0.063167     0.33744        0.187196
bedadpromedio_educacion          -0.045703     0.01927       -2.371242
bq2_educacion                     0.242406     0.65265        0.371417
bq3_educacion                     0.444121     0.74523        0.595955
bq4_educacion                     0.545562     0.80374        0.678781
bq5_educacion                     0.802745     0.91081        0.881354
bmetro_educacion                  0.064360     0.46080        0.139669
asc_restaurantes                 -0.166509     1.21189       -0.137396
bnpersonas_restaurantes           0.015832     0.26215        0.060392
bnmenores_0_4_restaurantes       -0.188042     0.67494       -0.278607
bnmenores_5_14_restaurantes      -0.234600     0.37775       -0.621047
bntrabajadores_restaurantes     2.5779e-04     0.36945      6.9778e-04
bnprofesionales_restaurantes      0.075274     0.37596        0.200216
bedadpromedio_restaurantes        0.002374     0.01880        0.126292
bq2_restaurantes                  0.150232     0.73193        0.205255
bq3_restaurantes                  0.293315     0.83819        0.349939
bq4_restaurantes                  0.433854     0.89107        0.486893
bq5_restaurantes                  0.558572     1.01583        0.549866
bmetro_restaurantes               0.275399     0.51352        0.536299

Final LL: -30142.029

Calculating log-likelihood at equal shares (LL(0)) for applicable
  models...
Calculating log-likelihood at observed shares from estimation data
  (LL(c)) for applicable models...
Calculating LL of each model component...
Calculating other model fit measures
Computing covariance matrix using numerical jacobian of analytical
  gradient.
 0%....25%....50%....75%....100%
Negative definite Hessian with maximum eigenvalue: -2.062147

Your model was estimated using the BGW algorithm. Please acknowledge
  this by citing Bunch et al. (1993) - doi.org/10.1145/151271.151279

Please acknowledge the use of Apollo by citing Hess & Palma (2019) -
  doi.org/10.1016/j.jocm.2019.100170
Model run by preyes using Apollo 0.3.6 on R 4.4.0 for Linux.
Please acknowledge the use of Apollo by citing Hess & Palma (2019)
  DOI 10.1016/j.jocm.2019.100170
  www.ApolloChoiceModelling.com

Model name                                  : FMNL-epf-viii
Model description                           : Fractional MNL model on time use data
Model run at                                : 2026-05-21 16:41:56.154128
Estimation method                           : bgw
Estimation diagnosis                        : Relative function convergence
Optimisation diagnosis                      : Maximum found
     hessian properties                     : Negative definite
     maximum eigenvalue                     : -2.062147
     reciprocal of condition number         : 2.69711e-07
Number of individuals                       : 15010
Number of rows in database                  : 15010
Number of modelled outcomes                 : 15010

Number of cores used                        :  22 
Model without mixing

LL(start)                                   : -34561.8
LL at equal shares, LL(0)                   : -34561.8
LL at observed shares, LL(C)                : NA
LL(final)                                   : -30142.03
Rho-squared vs equal shares                  :  0.1279 
Adj.Rho-squared vs equal shares              :  0.1248 
Rho-squared vs observed shares               :  Not applicable 
Adj.Rho-squared vs observed shares           :  Not applicable 
AIC                                         :  60500.06 
BIC                                         :  61322.64 

Estimated parameters                        : 108
Time taken (hh:mm:ss)                       :  00:06:21.37 
     pre-estimation                         :  00:00:16.13 
     estimation                             :  00:01:24.65 
     post-estimation                        :  00:04:40.59 
Iterations                                  :  111  

Unconstrained optimisation.

Estimates:
                                  Estimate        s.e.   t.rat.(0)    Rob.s.e.
asc_alimentos                     0.308024    0.211870    1.453835    0.044462
bnpersonas_alimentos              0.238077    0.044198    5.386579    0.009429
bnmenores_0_4_alimentos           0.008829    0.107887    0.081837    0.022383
bnmenores_5_14_alimentos         -0.138207    0.058518   -2.361793    0.011694
bntrabajadores_alimentos         -0.028177    0.062647   -0.449776    0.013094
bnprofesionales_alimentos        -0.103470    0.061832   -1.673402    0.012046
bedadpromedio_alimentos           0.026583    0.003506    7.582194  7.9036e-04
bq2_alimentos                    -0.175269    0.129525   -1.353171    0.028400
bq3_alimentos                    -0.306444    0.142830   -2.145509    0.030296
bq4_alimentos                    -0.456025    0.152529   -2.989748    0.031411
bq5_alimentos                    -0.698460    0.177844   -3.927374    0.036730
bmetro_alimentos                  0.345191    0.088270    3.910629    0.018662
asc_vestimenta                    0.000000          NA          NA          NA
bnpersonas_vestimenta             0.000000          NA          NA          NA
bnmenores_0_4_vestimenta          0.000000          NA          NA          NA
bnmenores_5_14_vestimenta         0.000000          NA          NA          NA
bntrabajadores_vestimenta         0.000000          NA          NA          NA
bnprofesionales_vestimenta        0.000000          NA          NA          NA
bedadpromedio_vestimenta          0.000000          NA          NA          NA
bq2_vestimenta                    0.000000          NA          NA          NA
bq3_vestimenta                    0.000000          NA          NA          NA
bq4_vestimenta                    0.000000          NA          NA          NA
bq5_vestimenta                    0.000000          NA          NA          NA
bmetro_vestimenta                 0.000000          NA          NA          NA
asc_cuentas                       1.355727    0.212724    6.373160    0.047802
bnpersonas_cuentas               -0.071721    0.045290   -1.583577    0.010163
bnmenores_0_4_cuentas             0.141933    0.110407    1.285548    0.023923
bnmenores_5_14_cuentas           -0.068166    0.060072   -1.134736    0.012687
bntrabajadores_cuentas           -0.048362    0.063825   -0.757717    0.014008
bnprofesionales_cuentas          -0.003272    0.061356   -0.053335    0.012689
bedadpromedio_cuentas             0.014870    0.003531    4.211959  8.3833e-04
bq2_cuentas                      -0.069441    0.131922   -0.526384    0.030622
bq3_cuentas                      -0.055808    0.144942   -0.385040    0.032498
bq4_cuentas                      -0.099175    0.153954   -0.644182    0.033755
bq5_cuentas                      -0.136634    0.177639   -0.769164    0.038909
bmetro_cuentas                    0.182512    0.089373    2.042141    0.019807
asc_hogar                        -1.208720    0.273033   -4.427003    0.064767
bnpersonas_hogar                 -0.023214    0.055946   -0.414929    0.012347
bnmenores_0_4_hogar               0.318238    0.135440    2.349656    0.029755
bnmenores_5_14_hogar              0.033195    0.075246    0.441152    0.016555
bntrabajadores_hogar             -0.066142    0.078275   -0.845005    0.016899
bnprofesionales_hogar             0.090058    0.070905    1.270119    0.014713
bedadpromedio_hogar               0.028038    0.004255    6.588982    0.001128
bq2_hogar                         0.176952    0.168353    1.051075    0.040641
bq3_hogar                         0.286750    0.182162    1.574150    0.043629
bq4_hogar                         0.402818    0.189767    2.122695    0.044259
bq5_hogar                         0.655568    0.210831    3.109448    0.048468
bmetro_hogar                      0.114440    0.109628    1.043895    0.024835
asc_salud                        -0.901172    0.244011   -3.693159    0.060861
bnpersonas_salud                  0.096780    0.049800    1.943367    0.011688
bnmenores_0_4_salud               0.178158    0.122879    1.449869    0.028568
bnmenores_5_14_salud             -0.129272    0.068449   -1.888603    0.015835
bntrabajadores_salud             -0.081132    0.070409   -1.152304    0.016139
bnprofesionales_salud             0.065131    0.066139    0.984771    0.014020
bedadpromedio_salud               0.030461    0.003880    7.851668    0.001005
bq2_salud                         0.164941    0.148515    1.110602    0.038479
bq3_salud                         0.253638    0.161603    1.569517    0.040656
bq4_salud                         0.323870    0.170285    1.901933    0.041105
bq5_salud                         0.287968    0.194894    1.477565    0.045895
bmetro_salud                      0.133570    0.099033    1.348744    0.023955
asc_transporte                    0.265800    0.227659    1.167536    0.055061
bnpersonas_transporte             0.093051    0.047161    1.973067    0.011379
bnmenores_0_4_transporte         -0.045915    0.115448   -0.397714    0.027502
bnmenores_5_14_transporte        -0.172928    0.063189   -2.736696    0.014766
bntrabajadores_transporte         0.022514    0.066609    0.338007    0.015955
bnprofesionales_transporte        0.023541    0.063018    0.373568    0.015006
bedadpromedio_transporte          0.009534    0.003779    2.523007  9.5305e-04
bq2_transporte                    0.177897    0.142758    1.246144    0.035787
bq3_transporte                    0.260509    0.154935    1.681406    0.038025
bq4_transporte                    0.332638    0.162976    2.041022    0.039642
bq5_transporte                    0.458439    0.185770    2.467779    0.046783
bmetro_transporte                 0.074033    0.094440    0.783921    0.022836
asc_comunicaciones               -0.249528    0.248602   -1.003723    0.050137
bnpersonas_comunicaciones         0.077009    0.051502    1.495279    0.010050
bnmenores_0_4_comunicaciones     -0.084604    0.129442   -0.653602    0.025295
bnmenores_5_14_comunicaciones    -0.168641    0.070637   -2.387434    0.013115
bntrabajadores_comunicaciones    -0.026544    0.072990   -0.363671    0.013980
bnprofesionales_comunicaciones   -0.014037    0.070510   -0.199074    0.012228
bedadpromedio_comunicaciones      0.015135    0.004033    3.753250  8.6427e-04
bq2_comunicaciones                0.085720    0.152623    0.561648    0.032242
bq3_comunicaciones                0.136923    0.166454    0.822584    0.033742
bq4_comunicaciones                0.129175    0.176758    0.730802    0.034284
bq5_comunicaciones               -0.001199    0.205205   -0.005843    0.039073
bmetro_comunicaciones             0.128735    0.102855    1.251618    0.020247
asc_recreacion                   -0.530899    0.272083   -1.951240    0.059243
bnpersonas_recreacion             0.024397    0.056071    0.435108    0.012243
bnmenores_0_4_recreacion         -0.069363    0.140569   -0.493442    0.029346
bnmenores_5_14_recreacion        -0.079208    0.075808   -1.044849    0.015402
bntrabajadores_recreacion        -0.062365    0.079187   -0.787559    0.017065
bnprofesionales_recreacion        0.107907    0.072424    1.489928    0.015311
bedadpromedio_recreacion          0.011353    0.004396    2.582378    0.001035
bq2_recreacion                    0.139114    0.170324    0.816761    0.039491
bq3_recreacion                    0.155969    0.185607    0.840318    0.040937
bq4_recreacion                    0.265941    0.193041    1.377643    0.042738
bq5_recreacion                    0.400118    0.216924    1.844506    0.048233
bmetro_recreacion                 0.129286    0.111795    1.156453    0.024765
asc_educacion                     0.880475    0.274892    3.202979    0.098537
bnpersonas_educacion              0.352774    0.054154    6.514325    0.015842
bnmenores_0_4_educacion          -0.982593    0.142568   -6.892091    0.043468
bnmenores_5_14_educacion         -0.535099    0.075603   -7.077791    0.023371
bntrabajadores_educacion         -0.323076    0.078065   -4.138563    0.023582
bnprofesionales_educacion         0.063167    0.072758    0.868181    0.019214
bedadpromedio_educacion          -0.045703    0.005447   -8.389898    0.001821
bq2_educacion                     0.242406    0.180087    1.346050    0.066009
bq3_educacion                     0.444121    0.190960    2.325725    0.064843
bq4_educacion                     0.545562    0.198748    2.744994    0.064504
bq5_educacion                     0.802745    0.220876    3.634362    0.068625
bmetro_educacion                  0.064360    0.114249    0.563330    0.035703
asc_restaurantes                 -0.166509    0.264454   -0.629633    0.062279
bnpersonas_restaurantes           0.015832    0.054527    0.290341    0.012225
bnmenores_0_4_restaurantes       -0.188042    0.137515   -1.367432    0.029584
bnmenores_5_14_restaurantes      -0.234600    0.075986   -3.087407    0.016543
bntrabajadores_restaurantes     2.5779e-04    0.076998    0.003348    0.017019
bnprofesionales_restaurantes      0.075274    0.070589    1.066364    0.013900
bedadpromedio_restaurantes        0.002374    0.004365    0.543956    0.001093
bq2_restaurantes                  0.150232    0.170009    0.883667    0.042837
bq3_restaurantes                  0.293315    0.181687    1.614394    0.042977
bq4_restaurantes                  0.433854    0.188609    2.300286    0.043626
bq5_restaurantes                  0.558572    0.212596    2.627381    0.048069
bmetro_restaurantes               0.275399    0.109378    2.517861    0.024758
                               Rob.t.rat.(0)
asc_alimentos                        6.92784
bnpersonas_alimentos                25.24920
bnmenores_0_4_alimentos              0.39446
bnmenores_5_14_alimentos           -11.81860
bntrabajadores_alimentos            -2.15185
bnprofesionales_alimentos           -8.58949
bedadpromedio_alimentos             33.63421
bq2_alimentos                       -6.17147
bq3_alimentos                      -10.11504
bq4_alimentos                      -14.51807
bq5_alimentos                      -19.01603
bmetro_alimentos                    18.49660
asc_vestimenta                            NA
bnpersonas_vestimenta                     NA
bnmenores_0_4_vestimenta                  NA
bnmenores_5_14_vestimenta                 NA
bntrabajadores_vestimenta                 NA
bnprofesionales_vestimenta                NA
bedadpromedio_vestimenta                  NA
bq2_vestimenta                            NA
bq3_vestimenta                            NA
bq4_vestimenta                            NA
bq5_vestimenta                            NA
bmetro_vestimenta                         NA
asc_cuentas                         28.36134
bnpersonas_cuentas                  -7.05713
bnmenores_0_4_cuentas                5.93279
bnmenores_5_14_cuentas              -5.37290
bntrabajadores_cuentas              -3.45231
bnprofesionales_cuentas             -0.25789
bedadpromedio_cuentas               17.73806
bq2_cuentas                         -2.26769
bq3_cuentas                         -1.71730
bq4_cuentas                         -2.93804
bq5_cuentas                         -3.51164
bmetro_cuentas                       9.21457
asc_hogar                          -18.66257
bnpersonas_hogar                    -1.88006
bnmenores_0_4_hogar                 10.69520
bnmenores_5_14_hogar                 2.00512
bntrabajadores_hogar                -3.91388
bnprofesionales_hogar                6.12115
bedadpromedio_hogar                 24.86319
bq2_hogar                            4.35402
bq3_hogar                            6.57253
bq4_hogar                            9.10145
bq5_hogar                           13.52581
bmetro_hogar                         4.60799
asc_salud                          -14.80694
bnpersonas_salud                     8.27994
bnmenores_0_4_salud                  6.23620
bnmenores_5_14_salud                -8.16351
bntrabajadores_salud                -5.02719
bnprofesionales_salud                4.64574
bedadpromedio_salud                 30.30348
bq2_salud                            4.28653
bq3_salud                            6.23859
bq4_salud                            7.87919
bq5_salud                            6.27448
bmetro_salud                         5.57592
asc_transporte                       4.82735
bnpersonas_transporte                8.17751
bnmenores_0_4_transporte            -1.66955
bnmenores_5_14_transporte          -11.71106
bntrabajadores_transporte            1.41110
bnprofesionales_transporte           1.56882
bedadpromedio_transporte            10.00312
bq2_transporte                       4.97097
bq3_transporte                       6.85095
bq4_transporte                       8.39112
bq5_transporte                       9.79924
bmetro_transporte                    3.24198
asc_comunicaciones                  -4.97690
bnpersonas_comunicaciones            7.66245
bnmenores_0_4_comunicaciones        -3.34465
bnmenores_5_14_comunicaciones      -12.85882
bntrabajadores_comunicaciones       -1.89870
bnprofesionales_comunicaciones      -1.14792
bedadpromedio_comunicaciones        17.51191
bq2_comunicaciones                   2.65865
bq3_comunicaciones                   4.05796
bq4_comunicaciones                   3.76780
bq5_comunicaciones                  -0.03068
bmetro_comunicaciones                6.35826
asc_recreacion                      -8.96135
bnpersonas_recreacion                1.99280
bnmenores_0_4_recreacion            -2.36364
bnmenores_5_14_recreacion           -5.14266
bntrabajadores_recreacion           -3.65453
bnprofesionales_recreacion           7.04762
bedadpromedio_recreacion            10.97288
bq2_recreacion                       3.52265
bq3_recreacion                       3.81000
bq4_recreacion                       6.22253
bq5_recreacion                       8.29558
bmetro_recreacion                    5.22057
asc_educacion                        8.93545
bnpersonas_educacion                22.26766
bnmenores_0_4_educacion            -22.60504
bnmenores_5_14_educacion           -22.89554
bntrabajadores_educacion           -13.70005
bnprofesionales_educacion            3.28754
bedadpromedio_educacion            -25.10150
bq2_educacion                        3.67232
bq3_educacion                        6.84914
bq4_educacion                        8.45784
bq5_educacion                       11.69759
bmetro_educacion                     1.80263
asc_restaurantes                    -2.67360
bnpersonas_restaurantes              1.29501
bnmenores_0_4_restaurantes          -6.35621
bnmenores_5_14_restaurantes        -14.18130
bntrabajadores_restaurantes          0.01515
bnprofesionales_restaurantes         5.41530
bedadpromedio_restaurantes           2.17284
bq2_restaurantes                     3.50707
bq3_restaurantes                     6.82494
bq4_restaurantes                     9.94476
bq5_restaurantes                    11.62012
bmetro_restaurantes                 11.12356

Model output saved to output/FMNL-epf-viii_output.txt 
Estimates saved to output/FMNL-epf-viii_estimates.csv 
Model object saved to output/FMNL-epf-viii.rds 
